0 verbose cli /home/engine/.nvm/versions/node/v24.16.0/bin/node /home/engine/.nvm/versions/node/v24.16.0/bin/npm
1 info using npm@11.13.0
2 info using node@v24.16.0
3 silly config load:file:/home/engine/.nvm/versions/node/v24.16.0/lib/node_modules/npm/npmrc
4 silly config load:file:/home/team/shared/site/.npmrc
5 silly config load:file:/home/agent-frontend-engineer/.npmrc
6 silly config load:file:/home/engine/.nvm/versions/node/v24.16.0/etc/npmrc
7 verbose title npm install
8 verbose argv "install" "--cache" ".npm_cache" "--prefer-offline"
9 verbose logfile logs-max:10 dir:/home/team/shared/site/.npm_cache/_logs/2026-06-28T08_25_41_517Z-
10 verbose logfile /home/team/shared/site/.npm_cache/_logs/2026-06-28T08_25_41_517Z-debug-0.log
11 silly logfile done cleaning log files
12 silly packumentCache heap:3298820096 maxSize:824705024 maxEntrySize:412352512
13 silly idealTree buildDeps
14 silly fetch manifest next@15.0.3
15 silly packumentCache full:https://registry.npmjs.org/next cache-miss
16 http fetch GET 200 https://registry.npmjs.org/npm 142ms
17 http fetch GET 200 https://registry.npmjs.org/next 647ms (cache miss)
18 silly packumentCache full:https://registry.npmjs.org/next set size:undefined disposed:false
19 silly fetch manifest @opentelemetry/api@^1.1.0
20 silly packumentCache full:https://registry.npmjs.org/@opentelemetry%2fapi cache-miss
21 http fetch GET 200 https://registry.npmjs.org/@opentelemetry%2fapi 64ms (cache miss)
22 silly packumentCache full:https://registry.npmjs.org/@opentelemetry%2fapi set size:undefined disposed:false
23 silly fetch manifest @playwright/test@^1.41.2
24 silly packumentCache full:https://registry.npmjs.org/@playwright%2ftest cache-miss
25 http fetch GET 200 https://registry.npmjs.org/@playwright%2ftest 297ms (cache miss)
26 silly packumentCache full:https://registry.npmjs.org/@playwright%2ftest set size:undefined disposed:false
27 silly fetch manifest babel-plugin-react-compiler@*
28 silly packumentCache full:https://registry.npmjs.org/babel-plugin-react-compiler cache-miss
29 http fetch GET 200 https://registry.npmjs.org/babel-plugin-react-compiler 50ms (cache miss)
30 silly packumentCache full:https://registry.npmjs.org/babel-plugin-react-compiler set size:undefined disposed:false
31 silly fetch manifest react@19.0.0-rc-66a323a31e-20241107
32 silly packumentCache full:https://registry.npmjs.org/react cache-miss
33 http fetch GET 200 https://registry.npmjs.org/react 191ms (cache miss)
34 silly packumentCache full:https://registry.npmjs.org/react set size:undefined disposed:false
35 silly fetch manifest react@^18.2.0 || 19.0.0-rc-66855b96-20241106
36 silly packumentCache full:https://registry.npmjs.org/react cache-miss
37 http cache https://registry.npmjs.org/react 36ms (cache hit)
38 silly packumentCache full:https://registry.npmjs.org/react set size:6742652 disposed:false
39 verbose stack Error: unable to resolve dependency tree
39 verbose stack     at #failPeerConflict (/home/engine/.nvm/versions/node/v24.16.0/lib/node_modules/npm/node_modules/@npmcli/arborist/lib/arborist/build-ideal-tree.js:1403:25)
39 verbose stack     at #loadPeerSet (/home/engine/.nvm/versions/node/v24.16.0/lib/node_modules/npm/node_modules/@npmcli/arborist/lib/arborist/build-ideal-tree.js:1369:33)
39 verbose stack     at async #buildDepStep (/home/engine/.nvm/versions/node/v24.16.0/lib/node_modules/npm/node_modules/@npmcli/arborist/lib/arborist/build-ideal-tree.js:917:11)
39 verbose stack     at async Arborist.buildIdealTree (/home/engine/.nvm/versions/node/v24.16.0/lib/node_modules/npm/node_modules/@npmcli/arborist/lib/arborist/build-ideal-tree.js:170:7)
39 verbose stack     at async Promise.all (index 1)
39 verbose stack     at async Arborist.reify (/home/engine/.nvm/versions/node/v24.16.0/lib/node_modules/npm/node_modules/@npmcli/arborist/lib/arborist/reify.js:111:5)
39 verbose stack     at async Install.exec (/home/engine/.nvm/versions/node/v24.16.0/lib/node_modules/npm/lib/commands/install.js:146:5)
39 verbose stack     at async Npm.exec (/home/engine/.nvm/versions/node/v24.16.0/lib/node_modules/npm/lib/npm.js:193:9)
39 verbose stack     at async module.exports (/home/engine/.nvm/versions/node/v24.16.0/lib/node_modules/npm/lib/cli/entry.js:67:5)
40 error code ERESOLVE
41 error ERESOLVE unable to resolve dependency tree
42 error
43 error While resolving: homeino-studio@0.1.0
43 error Found: react@undefined[2m[22m
43 error [2mnode_modules/react[22m
43 error   react@"19.0.0-rc-66a323a31e-20241107" from the root project
43 error
43 error Could not resolve dependency:
43 error [95mpeer[39m react@"^18.2.0 || 19.0.0-rc-66855b96-20241106" from next@15.0.3[2m[22m
43 error [2mnode_modules/next[22m
43 error   next@"15.0.3" from the root project
43 error
43 error Fix the upstream dependency conflict, or retry this command with --force or --legacy-peer-deps to accept an incorrect (and potentially broken) dependency resolution.
44 error
44 error
44 error For a full report see:
44 error /home/team/shared/site/.npm_cache/_logs/2026-06-28T08_25_41_517Z-eresolve-report.txt
45 silly unfinished npm timer reify 1782635141743
46 silly unfinished npm timer reify:loadTrees 1782635141744
47 silly unfinished npm timer idealTree:buildDeps 1782635141756
48 silly unfinished npm timer idealTree:#root 1782635141757
49 verbose cwd /home/team/shared/site
50 verbose os Linux 6.1.158+
51 verbose node v24.16.0
52 verbose npm  v11.13.0
53 notice
53 notice New [33mminor[39m version of npm available! [33m11.13.0[39m -> [34m11.17.0[39m
53 notice Changelog: [34mhttps://github.com/npm/cli/releases/tag/v11.17.0[39m
53 notice To update run: [4mnpm install -g npm@11.17.0[24m
53 notice  { force: true, Symbol(proc-log.meta): true }
54 verbose exit 1
55 verbose code 1
56 error A complete log of this run can be found in: /home/team/shared/site/.npm_cache/_logs/2026-06-28T08_25_41_517Z-debug-0.log
